2019-01-31 19:06:11,591 : DEBUG : Начало программы
2019-01-31 19:06:11,591 : INFO : Какие-то действия
2019-01-31 19:06:11,591 : WARNING : Программа умирает
